// Jest Snapshot v1, https://goo.gl/fbAQLP

exports[`lsp server - initializes initializes and responds to capabilities 1`] = `
Object {
  "completionProvider": Object {
    "resolveProvider": false,
    "triggerCharacters": Array [
      ":",
    ],
  },
  "definitionProvider": false,
  "documentFormattingProvider": true,
  "documentHighlightProvider": false,
  "documentSymbolProvider": false,
  "hoverProvider": false,
  "referencesProvider": false,
  "textDocumentSync": Object {
    "change": 2,
    "openClose": true,
    "save": Object {
      "includeText": false,
    },
    "willSave": false,
    "willSaveWaitUntil": false,
  },
  "workspaceSymbolProvider": false,
}
`;
